2025/08/12 03:40:59 [error] [exception.CDbException] CDbException: CDbConnection failed to open the DB connection: SQLSTATE[HY000] [2002] No connection could be made because the target machine actively refused it.
 in C:\git\framework-libs\YII\yii\framework\db\CDbConnection.php:399
Stack trace:
#0 C:\git\framework-libs\YII\yii\framework\db\CDbConnection.php(347): CDbConnection->open()
#1 C:\git\framework-libs\YII\yii\framework\db\CDbConnection.php(325): CDbConnection->setActive(true)
#2 C:\git\framework-libs\YII\yii\framework\base\CModule.php(394): CDbConnection->init()
#3 C:\git\framework-libs\YII\yii\framework\cli\commands\MigrateCommand.php(472): CModule->getComponent('db')
#4 C:\git\framework-libs\YII\yii\framework\cli\commands\MigrateCommand.php(481): MigrateCommand->getDbConnection()
#5 C:\git\framework-libs\YII\yii\framework\cli\commands\MigrateCommand.php(512): MigrateCommand->getMigrationHistory(-1)
#6 C:\git\framework-libs\YII\yii\framework\cli\commands\MigrateCommand.php(84): MigrateCommand->getNewMigrations()
#7 [internal function]: MigrateCommand->actionUp(Array)
#8 C:\git\framework-libs\YII\yii\framework\console\CConsoleCommand.php(178): ReflectionMethod->invokeArgs(Object(MigrateCommand), Array)
#9 C:\git\framework-libs\YII\yii\framework\console\CConsoleCommandRunner.php(71): CConsoleCommand->run(Array)
#10 C:\git\framework-libs\YII\yii\framework\console\CConsoleApplication.php(92): CConsoleCommandRunner->run(Array)
#11 C:\git\framework-libs\YII\yii\framework\base\CApplication.php(185): CConsoleApplication->processRequest()
#12 C:\git\framework-libs\YII\yii\framework\yiic.php(33): CApplication->run()
#13 C:\git\Gaudium\Vue3_Yii1.1.28\backend\protected\yiic.php(7): require_once('C:\\git\\framewor...')
#14 C:\git\Gaudium\Vue3_Yii1.1.28\backend\protected\yiic(4): require_once('C:\\git\\Gaudium\\...')
#15 {main}
---
2025/08/12 03:44:16 [error] [exception.CDbException] CDbException: CDbConnection failed to open the DB connection: SQLSTATE[HY000] [1049] Unknown database 'vue3_yii1.1.28' in C:\git\framework-libs\YII\yii\framework\db\CDbConnection.php:399
Stack trace:
#0 C:\git\framework-libs\YII\yii\framework\db\CDbConnection.php(347): CDbConnection->open()
#1 C:\git\framework-libs\YII\yii\framework\db\CDbConnection.php(325): CDbConnection->setActive(true)
#2 C:\git\framework-libs\YII\yii\framework\base\CModule.php(394): CDbConnection->init()
#3 C:\git\framework-libs\YII\yii\framework\cli\commands\MigrateCommand.php(472): CModule->getComponent('db')
#4 C:\git\framework-libs\YII\yii\framework\cli\commands\MigrateCommand.php(481): MigrateCommand->getDbConnection()
#5 C:\git\framework-libs\YII\yii\framework\cli\commands\MigrateCommand.php(512): MigrateCommand->getMigrationHistory(-1)
#6 C:\git\framework-libs\YII\yii\framework\cli\commands\MigrateCommand.php(84): MigrateCommand->getNewMigrations()
#7 [internal function]: MigrateCommand->actionUp(Array)
#8 C:\git\framework-libs\YII\yii\framework\console\CConsoleCommand.php(178): ReflectionMethod->invokeArgs(Object(MigrateCommand), Array)
#9 C:\git\framework-libs\YII\yii\framework\console\CConsoleCommandRunner.php(71): CConsoleCommand->run(Array)
#10 C:\git\framework-libs\YII\yii\framework\console\CConsoleApplication.php(92): CConsoleCommandRunner->run(Array)
#11 C:\git\framework-libs\YII\yii\framework\base\CApplication.php(185): CConsoleApplication->processRequest()
#12 C:\git\framework-libs\YII\yii\framework\yiic.php(33): CApplication->run()
#13 C:\git\Gaudium\Vue3_Yii1.1.28\backend\protected\yiic.php(7): require_once('C:\\git\\framewor...')
#14 C:\git\Gaudium\Vue3_Yii1.1.28\backend\protected\yiic(4): require_once('C:\\git\\Gaudium\\...')
#15 {main}
---
2025/08/12 03:44:32 [error] [exception.CDbException] CDbException: CDbConnection failed to open the DB connection: SQLSTATE[HY000] [1049] Unknown database 'vue3_yii1.1.28' in C:\git\framework-libs\YII\yii\framework\db\CDbConnection.php:399
Stack trace:
#0 C:\git\framework-libs\YII\yii\framework\db\CDbConnection.php(347): CDbConnection->open()
#1 C:\git\framework-libs\YII\yii\framework\db\CDbConnection.php(325): CDbConnection->setActive(true)
#2 C:\git\framework-libs\YII\yii\framework\base\CModule.php(394): CDbConnection->init()
#3 C:\git\framework-libs\YII\yii\framework\cli\commands\MigrateCommand.php(472): CModule->getComponent('db')
#4 C:\git\framework-libs\YII\yii\framework\cli\commands\MigrateCommand.php(481): MigrateCommand->getDbConnection()
#5 C:\git\framework-libs\YII\yii\framework\cli\commands\MigrateCommand.php(512): MigrateCommand->getMigrationHistory(-1)
#6 C:\git\framework-libs\YII\yii\framework\cli\commands\MigrateCommand.php(84): MigrateCommand->getNewMigrations()
#7 [internal function]: MigrateCommand->actionUp(Array)
#8 C:\git\framework-libs\YII\yii\framework\console\CConsoleCommand.php(178): ReflectionMethod->invokeArgs(Object(MigrateCommand), Array)
#9 C:\git\framework-libs\YII\yii\framework\console\CConsoleCommandRunner.php(71): CConsoleCommand->run(Array)
#10 C:\git\framework-libs\YII\yii\framework\console\CConsoleApplication.php(92): CConsoleCommandRunner->run(Array)
#11 C:\git\framework-libs\YII\yii\framework\base\CApplication.php(185): CConsoleApplication->processRequest()
#12 C:\git\framework-libs\YII\yii\framework\yiic.php(33): CApplication->run()
#13 C:\git\Gaudium\Vue3_Yii1.1.28\backend\protected\yiic.php(7): require_once('C:\\git\\framewor...')
#14 C:\git\Gaudium\Vue3_Yii1.1.28\backend\protected\yiic(4): require_once('C:\\git\\Gaudium\\...')
#15 {main}
---
2025/08/12 03:46:15 [error] [system.db.CDbCommand] CDbCommand::fetchAll() failed: SQLSTATE[42S02]: Base table or view not found: 1146 Table 'vue3_yii1.1.28.tbl_migration' doesn't exist. The SQL statement executed was: SHOW FULL COLUMNS FROM `tbl_migration`.
2025/08/12 03:46:18 [error] [system.db.CDbCommand] CDbCommand::execute() failed: SQLSTATE[42000]: Syntax error or access violation: 1064 You have an error in your SQL syntax; check the manual that corresponds to your MySQL server version for the right syntax to use near 'dateetime NOT NULL,
	`obs` string(200) DEFAULT NULL
)' at line 8. The SQL statement executed was: CREATE TABLE `passageiro` (
	`id` int(11) NOT NULL AUTO_INCREMENT PRIMARY KEY,
	`nome` varchar(255) NOT NULL,
	`nascimento` date NOT NULL,
	`email` varchar(255) NOT NULL,
	`telefone` varchar(255) NOT NULL,
	`status` char(1) NOT NULL,
	`data_hora_status` dateetime NOT NULL,
	`obs` string(200) DEFAULT NULL
).
2025/08/12 03:46:18 [error] [exception.CDbException] CDbException: CDbCommand failed to execute the SQL statement: SQLSTATE[42000]: Syntax error or access violation: 1064 You have an error in your SQL syntax; check the manual that corresponds to your MySQL server version for the right syntax to use near 'dateetime NOT NULL,
	`obs` string(200) DEFAULT NULL
)' at line 8. The SQL statement executed was: CREATE TABLE `passageiro` (
	`id` int(11) NOT NULL AUTO_INCREMENT PRIMARY KEY,
	`nome` varchar(255) NOT NULL,
	`nascimento` date NOT NULL,
	`email` varchar(255) NOT NULL,
	`telefone` varchar(255) NOT NULL,
	`status` char(1) NOT NULL,
	`data_hora_status` dateetime NOT NULL,
	`obs` string(200) DEFAULT NULL
) in C:\git\framework-libs\YII\yii\framework\db\CDbCommand.php:358
Stack trace:
#0 C:\git\framework-libs\YII\yii\framework\db\CDbCommand.php(1352): CDbCommand->execute()
#1 C:\git\framework-libs\YII\yii\framework\db\CDbMigration.php(250): CDbCommand->createTable('passageiro', Array, NULL)
#2 C:\git\Gaudium\Vue3_Yii1.1.28\backend\protected\migrations\m250812_013300_create_table_passageiro.php(8): CDbMigration->createTable('passageiro', Array)
#3 C:\git\framework-libs\YII\yii\framework\cli\commands\MigrateCommand.php(415): m250812_013300_create_table_passageiro->up()
#4 C:\git\framework-libs\YII\yii\framework\cli\commands\MigrateCommand.php(109): MigrateCommand->migrateUp('m250812_013300_...')
#5 [internal function]: MigrateCommand->actionUp(Array)
#6 C:\git\framework-libs\YII\yii\framework\console\CConsoleCommand.php(178): ReflectionMethod->invokeArgs(Object(MigrateCommand), Array)
#7 C:\git\framework-libs\YII\yii\framework\console\CConsoleCommandRunner.php(71): CConsoleCommand->run(Array)
#8 C:\git\framework-libs\YII\yii\framework\console\CConsoleApplication.php(92): CConsoleCommandRunner->run(Array)
#9 C:\git\framework-libs\YII\yii\framework\base\CApplication.php(185): CConsoleApplication->processRequest()
#10 C:\git\framework-libs\YII\yii\framework\yiic.php(33): CApplication->run()
#11 C:\git\Gaudium\Vue3_Yii1.1.28\backend\protected\yiic.php(7): require_once('C:\\git\\framewor...')
#12 C:\git\Gaudium\Vue3_Yii1.1.28\backend\protected\yiic(4): require_once('C:\\git\\Gaudium\\...')
#13 {main}
---
2025/08/12 03:47:22 [error] [system.db.CDbCommand] CDbCommand::execute() failed: SQLSTATE[42000]: Syntax error or access violation: 1064 You have an error in your SQL syntax; check the manual that corresponds to your MySQL server version for the right syntax to use near 'string(200) DEFAULT NULL
)' at line 9. The SQL statement executed was: CREATE TABLE `passageiro` (
	`id` int(11) NOT NULL AUTO_INCREMENT PRIMARY KEY,
	`nome` varchar(255) NOT NULL,
	`nascimento` date NOT NULL,
	`email` varchar(255) NOT NULL,
	`telefone` varchar(255) NOT NULL,
	`status` char(1) NOT NULL,
	`data_hora_status` datetime NOT NULL,
	`obs` string(200) DEFAULT NULL
).
2025/08/12 03:47:22 [error] [exception.CDbException] CDbException: CDbCommand failed to execute the SQL statement: SQLSTATE[42000]: Syntax error or access violation: 1064 You have an error in your SQL syntax; check the manual that corresponds to your MySQL server version for the right syntax to use near 'string(200) DEFAULT NULL
)' at line 9. The SQL statement executed was: CREATE TABLE `passageiro` (
	`id` int(11) NOT NULL AUTO_INCREMENT PRIMARY KEY,
	`nome` varchar(255) NOT NULL,
	`nascimento` date NOT NULL,
	`email` varchar(255) NOT NULL,
	`telefone` varchar(255) NOT NULL,
	`status` char(1) NOT NULL,
	`data_hora_status` datetime NOT NULL,
	`obs` string(200) DEFAULT NULL
) in C:\git\framework-libs\YII\yii\framework\db\CDbCommand.php:358
Stack trace:
#0 C:\git\framework-libs\YII\yii\framework\db\CDbCommand.php(1352): CDbCommand->execute()
#1 C:\git\framework-libs\YII\yii\framework\db\CDbMigration.php(250): CDbCommand->createTable('passageiro', Array, NULL)
#2 C:\git\Gaudium\Vue3_Yii1.1.28\backend\protected\migrations\m250812_013300_create_table_passageiro.php(8): CDbMigration->createTable('passageiro', Array)
#3 C:\git\framework-libs\YII\yii\framework\cli\commands\MigrateCommand.php(415): m250812_013300_create_table_passageiro->up()
#4 C:\git\framework-libs\YII\yii\framework\cli\commands\MigrateCommand.php(109): MigrateCommand->migrateUp('m250812_013300_...')
#5 [internal function]: MigrateCommand->actionUp(Array)
#6 C:\git\framework-libs\YII\yii\framework\console\CConsoleCommand.php(178): ReflectionMethod->invokeArgs(Object(MigrateCommand), Array)
#7 C:\git\framework-libs\YII\yii\framework\console\CConsoleCommandRunner.php(71): CConsoleCommand->run(Array)
#8 C:\git\framework-libs\YII\yii\framework\console\CConsoleApplication.php(92): CConsoleCommandRunner->run(Array)
#9 C:\git\framework-libs\YII\yii\framework\base\CApplication.php(185): CConsoleApplication->processRequest()
#10 C:\git\framework-libs\YII\yii\framework\yiic.php(33): CApplication->run()
#11 C:\git\Gaudium\Vue3_Yii1.1.28\backend\protected\yiic.php(7): require_once('C:\\git\\framewor...')
#12 C:\git\Gaudium\Vue3_Yii1.1.28\backend\protected\yiic(4): require_once('C:\\git\\Gaudium\\...')
#13 {main}
---
